GET /api/v1/agent/commands
GET /api/v1/agent/ingest/jobs/{}
GET /api/v1/agent/ingest/scanners
GET /api/v1/agent/scans/{}
PATCH /api/v1/agent/scans/{}
POST /api/v1/agent/commands/{}/acknowledge
POST /api/v1/agent/commands/{}/complete
POST /api/v1/agent/commands/{}/fail
POST /api/v1/agent/commands/{}/start
POST /api/v1/agent/credentials/ingest
POST /api/v1/agent/heartbeat
POST /api/v1/agent/ingest
POST /api/v1/agent/ingest/baseline-diff
POST /api/v1/agent/ingest/check
POST /api/v1/agent/ingest/chunk
POST /api/v1/agent/ingest/ctis
POST /api/v1/agent/ingest/recon
POST /api/v1/agent/ingest/sarif
POST /api/v1/agent/ingest/scan
POST /api/v1/agent/renew
POST /api/v1/agent/scans
POST /api/v1/agent/telemetry-events
POST /api/v1/validation/evidence
